// Jest Snapshot v1, https://goo.gl/fbAQLP

exports[`</DetailsList> should match snapshot 1`] = `
ShallowWrapper {
  Symbol(enzyme.__root__): [Circular],
  Symbol(enzyme.__unrendered__): <DetailsList
    list={
      Array [
        Object {
          "director": "lewis test",
          "producer": "lewis producer",
          "title": "test",
        },
        Object {
          "director": "lewis test",
          "producer": "lewis producer",
          "title": "test",
        },
      ]
    }
  />,
  Symbol(enzyme.__renderer__): Object {
    "batchedUpdates": [Function],
    "getNode": [Function],
    "render": [Function],
    "simulateError": [Function],
    "simulateEvent": [Function],
    "unmount": [Function],
  },
  Symbol(enzyme.__node__): Object {
    "instance": null,
    "key": undefined,
    "nodeType": "function",
    "props": Object {
      "children": Array [
        <ListItem
          item={
            Object {
              "director": "lewis test",
              "producer": "lewis producer",
              "title": "test",
            }
          }
        />,
        <ListItem
          item={
            Object {
              "director": "lewis test",
              "producer": "lewis producer",
              "title": "test",
            }
          }
        />,
      ],
    },
    "ref": null,
    "rendered": Array [
      Object {
        "instance": null,
        "key": "test",
        "nodeType": "function",
        "props": Object {
          "item": Object {
            "director": "lewis test",
            "producer": "lewis producer",
            "title": "test",
          },
        },
        "ref": null,
        "rendered": null,
        "type": [Function],
      },
      Object {
        "instance": null,
        "key": "test",
        "nodeType": "function",
        "props": Object {
          "item": Object {
            "director": "lewis test",
            "producer": "lewis producer",
            "title": "test",
          },
        },
        "ref": null,
        "rendered": null,
        "type": [Function],
      },
    ],
    "type": [Function],
  },
  Symbol(enzyme.__nodes__): Array [
    Object {
      "instance": null,
      "key": undefined,
      "nodeType": "function",
      "props": Object {
        "children": Array [
          <ListItem
            item={
              Object {
                "director": "lewis test",
                "producer": "lewis producer",
                "title": "test",
              }
            }
          />,
          <ListItem
            item={
              Object {
                "director": "lewis test",
                "producer": "lewis producer",
                "title": "test",
              }
            }
          />,
        ],
      },
      "ref": null,
      "rendered": Array [
        Object {
          "instance": null,
          "key": "test",
          "nodeType": "function",
          "props": Object {
            "item": Object {
              "director": "lewis test",
              "producer": "lewis producer",
              "title": "test",
            },
          },
          "ref": null,
          "rendered": null,
          "type": [Function],
        },
        Object {
          "instance": null,
          "key": "test",
          "nodeType": "function",
          "props": Object {
            "item": Object {
              "director": "lewis test",
              "producer": "lewis producer",
              "title": "test",
            },
          },
          "ref": null,
          "rendered": null,
          "type": [Function],
        },
      ],
      "type": [Function],
    },
  ],
  Symbol(enzyme.__options__): Object {
    "adapter": ReactSixteenAdapter {
      "options": Object {
        "enableComponentDidUpdateOnSetState": true,
        "lifecycles": Object {
          "componentDidUpdate": Object {
            "onSetState": true,
          },
          "getDerivedStateFromProps": true,
          "getSnapshotBeforeUpdate": true,
          "setState": Object {
            "skipsComponentDidUpdateOnNullish": true,
          },
        },
      },
    },
  },
}
`;
