// Jest Snapshot v1, https://goo.gl/fbAQLP

exports[`</ListItem> should match snapshot 1`] = `
ShallowWrapper {
  Symbol(enzyme.__root__): [Circular],
  Symbol(enzyme.__unrendered__): <ListItem
    item={
      Object {
        "director": "lewis test",
        "producer": "lewis producer",
        "title": "test",
      }
    }
  />,
  Symbol(enzyme.__renderer__): Object {
    "batchedUpdates": [Function],
    "getNode": [Function],
    "render": [Function],
    "simulateError": [Function],
    "simulateEvent": [Function],
    "unmount": [Function],
  },
  Symbol(enzyme.__node__): Object {
    "instance": null,
    "key": undefined,
    "nodeType": "function",
    "props": Object {
      "children": Array [
        <FeedLabel
          image="https://cdn2.iconfinder.com/data/icons/space-stuff-1/68/bb8-512.png"
        />,
        <FeedContent>
          <FeedLabel
            content="test"
          />
          <FeedSummary>
            director: 
            lewis test
             producer: 
            lewis producer
          </FeedSummary>
        </FeedContent>,
      ],
    },
    "ref": null,
    "rendered": Array [
      Object {
        "instance": null,
        "key": undefined,
        "nodeType": "function",
        "props": Object {
          "image": "https://cdn2.iconfinder.com/data/icons/space-stuff-1/68/bb8-512.png",
        },
        "ref": null,
        "rendered": null,
        "type": [Function],
      },
      Object {
        "instance": null,
        "key": undefined,
        "nodeType": "function",
        "props": Object {
          "children": Array [
            <FeedLabel
              content="test"
            />,
            <FeedSummary>
              director: 
              lewis test
               producer: 
              lewis producer
            </FeedSummary>,
          ],
        },
        "ref": null,
        "rendered": Array [
          Object {
            "instance": null,
            "key": undefined,
            "nodeType": "function",
            "props": Object {
              "content": "test",
            },
            "ref": null,
            "rendered": null,
            "type": [Function],
          },
          Object {
            "instance": null,
            "key": undefined,
            "nodeType": "function",
            "props": Object {
              "children": Array [
                "director: ",
                "lewis test",
                " producer: ",
                "lewis producer",
              ],
            },
            "ref": null,
            "rendered": Array [
              "director: ",
              "lewis test",
              " producer: ",
              "lewis producer",
            ],
            "type": [Function],
          },
        ],
        "type": [Function],
      },
    ],
    "type": [Function],
  },
  Symbol(enzyme.__nodes__): Array [
    Object {
      "instance": null,
      "key": undefined,
      "nodeType": "function",
      "props": Object {
        "children": Array [
          <FeedLabel
            image="https://cdn2.iconfinder.com/data/icons/space-stuff-1/68/bb8-512.png"
          />,
          <FeedContent>
            <FeedLabel
              content="test"
            />
            <FeedSummary>
              director: 
              lewis test
               producer: 
              lewis producer
            </FeedSummary>
          </FeedContent>,
        ],
      },
      "ref": null,
      "rendered": Array [
        Object {
          "instance": null,
          "key": undefined,
          "nodeType": "function",
          "props": Object {
            "image": "https://cdn2.iconfinder.com/data/icons/space-stuff-1/68/bb8-512.png",
          },
          "ref": null,
          "rendered": null,
          "type": [Function],
        },
        Object {
          "instance": null,
          "key": undefined,
          "nodeType": "function",
          "props": Object {
            "children": Array [
              <FeedLabel
                content="test"
              />,
              <FeedSummary>
                director: 
                lewis test
                 producer: 
                lewis producer
              </FeedSummary>,
            ],
          },
          "ref": null,
          "rendered": Array [
            Object {
              "instance": null,
              "key": undefined,
              "nodeType": "function",
              "props": Object {
                "content": "test",
              },
              "ref": null,
              "rendered": null,
              "type": [Function],
            },
            Object {
              "instance": null,
              "key": undefined,
              "nodeType": "function",
              "props": Object {
                "children": Array [
                  "director: ",
                  "lewis test",
                  " producer: ",
                  "lewis producer",
                ],
              },
              "ref": null,
              "rendered": Array [
                "director: ",
                "lewis test",
                " producer: ",
                "lewis producer",
              ],
              "type": [Function],
            },
          ],
          "type": [Function],
        },
      ],
      "type": [Function],
    },
  ],
  Symbol(enzyme.__options__): Object {
    "adapter": ReactSixteenAdapter {
      "options": Object {
        "enableComponentDidUpdateOnSetState": true,
        "lifecycles": Object {
          "componentDidUpdate": Object {
            "onSetState": true,
          },
          "getDerivedStateFromProps": true,
          "getSnapshotBeforeUpdate": true,
          "setState": Object {
            "skipsComponentDidUpdateOnNullish": true,
          },
        },
      },
    },
  },
}
`;
